I'm sorry, but errors were detected in your script. Please correct the
errors listed below, and try again.


File "game/script.rpy", line 17: end of line expected.
    show pao default at center zoom 2.0
                               ^

Ren'Py Version: Ren'Py 7.0.0.196
Sun Jul 22 17:52:02 2018
